"Welcome to HITKARI HOSPITAL AND SURGICAL CENTER and Thanks for Payment of Rs.150 for CONSULTATION RECEIPT OPD/Bill No.2323 Dated: 19-09-2018. Regards - HITKARI  [http://smscgateway.com/messageapi.asp?]"
"The system cannot locate the resource specified.
 (-2146697211)"
"Welcome to HITKARI HOSPITAL AND SURGICAL CENTER and Thanks for Payment of Rs.150 for CONSULTATION RECEIPT OPD/Bill No.2323 Dated: 19-09-2018. Regards - HITKARI  [http://smscgateway.com/messageapi.asp?]"
"The system cannot locate the resource specified.
 (-2146697211)"
"Welcome to HITKARI HOSPITAL AND SURGICAL CENTER and Thanks for Payment of Rs.150 for CONSULTATION RECEIPT OPD/Bill No.2323 Dated: 19-09-2018. Regards - HITKARI  [http://smscgateway.com/messageapi.asp?]"
"OK (Invalid User Name & Password)"
"HOSPITAL AND SURGICAL CENTER; BALOTRA; . [http://smscgateway.com/messageapi.asp?]"
"OK (Invalid User Name & Password)"
"Welcome to HITKARI HOSPITAL AND SURGICAL CENTER and Thanks for Payment of Rs.150 for CONSULTATION RECEIPT OPD/Bill No.2323 Dated: 19-09-2018. Regards - HITKARI  [http://smscgateway.com/messageapi.asp?]"
"OK (Invalid User Name & Password)"
"HOSPITAL AND SURGICAL CENTER; BALOTRA; . [http://smscgateway.com/messageapi.asp?]"
"OK (Invalid User Name & Password)"
"Welcome to HITKARI HOSPITAL AND SURGICAL CENTER and Thanks for Payment of Rs.150 for CONSULTATION RECEIPT OPD/Bill No.2323 Dated: 19-09-2018. Regards - HITKARI  [http://smscgateway.com/messageapi.asp?]"
"OK (Invalid User Name & Password)"
"HOSPITAL AND SURGICAL CENTER; BALOTRA; . [http://smscgateway.com/messageapi.asp?]"
"OK (Invalid User Name & Password)"
"Welcome to HITKARI HOSPITAL AND SURGICAL CENTER and Thanks for Payment of Rs.200 for CONSULTATION RECEIPT OPD/Bill No.2323 Dated: 19-09-2018. Regards - HITKARI  [http://smscgateway.com/messageapi.asp?]"
"OK ( SMS Sent Successfully to - 9309495932)"
"HOSPITAL AND SURGICAL CENTER; BALOTRA; . [http://smscgateway.com/messageapi.asp?]"
"OK ( SMS Sent Successfully to - 9309495932)"
